WARNING: We recommend using a newer Android Gradle plugin to use compileSdk = 36

This Android Gradle plugin (8.7.3) was tested up to compileSdk = 35.

You are strongly encouraged to update your project to use a newer
Android Gradle plugin that has been tested with compileSdk = 36.

If you are already using the latest version of the Android Gradle plugin,
you may need to wait until a newer version with support for compileSdk = 36 is available.

For more information refer to the compatibility table:
https://d.android.com/r/tools/api-level-support

To suppress this warning, add/update
    android.suppressUnsupportedCompileSdk=36
to this project's gradle.properties.
> Task :app:preBuild UP-TO-DATE
> Task :app:preDebugBuild UP-TO-DATE
> Task :app:mergeDebugNativeDebugMetadata NO-SOURCE
> Task :app:checkKotlinGradlePluginConfigurationErrors SKIPPED
> Task :app:checkDebugAarMetadata UP-TO-DATE
> Task :app:generateDebugResValues UP-TO-DATE
> Task :app:mapDebugSourceSetPaths UP-TO-DATE
> Task :app:generateDebugResources UP-TO-DATE
> Task :app:mergeDebugResources UP-TO-DATE
> Task :app:packageDebugResources UP-TO-DATE
> Task :app:parseDebugLocalResources UP-TO-DATE
> Task :app:createDebugCompatibleScreenManifests UP-TO-DATE
> Task :app:extractDeepLinksDebug UP-TO-DATE
> Task :app:processDebugMainManifest UP-TO-DATE
> Task :app:processDebugManifest UP-TO-DATE
> Task :app:processDebugManifestForPackage UP-TO-DATE
> Task :app:processDebugResources UP-TO-DATE
> Task :app:kaptGenerateStubsDebugKotlin UP-TO-DATE
> Task :app:kaptDebugKotlin UP-TO-DATE
> Task :app:javaPreCompileDebug UP-TO-DATE
> Task :app:mergeDebugShaders UP-TO-DATE
> Task :app:compileDebugShaders NO-SOURCE
> Task :app:generateDebugAssets UP-TO-DATE
> Task :app:mergeDebugAssets UP-TO-DATE
> Task :app:compressDebugAssets UP-TO-DATE
> Task :app:checkDebugDuplicateClasses UP-TO-DATE
> Task :app:desugarDebugFileDependencies UP-TO-DATE
> Task :app:mergeExtDexDebug UP-TO-DATE
> Task :app:mergeLibDexDebug UP-TO-DATE
> Task :app:mergeDebugJniLibFolders UP-TO-DATE
> Task :app:mergeDebugNativeLibs UP-TO-DATE
> Task :app:stripDebugDebugSymbols UP-TO-DATE
> Task :app:validateSigningDebug UP-TO-DATE
> Task :app:writeDebugAppMetadata UP-TO-DATE
> Task :app:writeDebugSigningConfigVersions UP-TO-DATE

> Task :app:compileDebugKotlin
e: file:///C:/Users/ngoya/Cognitive-Sovereignty-Enforcement-System/app/src/main/java/com/example/attentiontokenmanager/uii/CalendarScreen.kt:85:37 Unresolved reference 'getEventsForMonth'.
e: file:///C:/Users/ngoya/Cognitive-Sovereignty-Enforcement-System/app/src/main/java/com/example/attentiontokenmanager/uii/CalendarScreen.kt:86:34 Unresolved reference 'date'.
e: file:///C:/Users/ngoya/Cognitive-Sovereignty-Enforcement-System/app/src/main/java/com/example/attentiontokenmanager/uii/CalendarScreen.kt:86:36 Unresolved reference 'it'.
e: file:///C:/Users/ngoya/Cognitive-Sovereignty-Enforcement-System/app/src/main/java/com/example/attentiontokenmanager/uii/CalendarScreen.kt:86:46 Overload resolution ambiguity between candidates:
fun <T> Array<out T>.toSet(): Set<T>
fun BooleanArray.toSet(): Set<Boolean>
fun ByteArray.toSet(): Set<Byte>
fun CharArray.toSet(): Set<Char>
fun DoubleArray.toSet(): Set<Double>
fun FloatArray.toSet(): Set<Float>
fun IntArray.toSet(): Set<Int>
fun LongArray.toSet(): Set<Long>
fun ShortArray.toSet(): Set<Short>
fun <T> Iterable<T>.toSet(): Set<T>
fun <T> Sequence<T>.toSet(): Set<T>
fun CharSequence.toSet(): Set<Char>

> Task :app:compileDebugKotlin FAILED

FAILURE: Build failed with an exception.

* What went wrong:
Execution failed for task ':app:compileDebugKotlin'.
> A failure occurred while executing org.jetbrains.kotlin.compilerRunner.GradleCompilerRunnerWithWorkers$GradleKotlinCompilerWorkAction
   > Compilation error. See log for more details

* Try:
> Run with --stacktrace option to get the stack trace.
> Run with --info or --debug option to get more log output.
> Run with --scan to get full insights.
> Get more help at https://help.gradle.org.

BUILD FAILED in 18s
30 actionable tasks: 1 executed, 29 up-to-date
